[backblue.gif]
[fade.gif]
[index.html]
[unpkg.com/aos@3.0.0-beta.6/dist/aos.css]
[themes.startbootstrap.com/sb-ui-kit-pro/assets/img/favicon.png]
[cdnjs.cloudflare.com/ajax/libs/font-awesome/5.11.2/js/all.min.js]
[cdnjs.cloudflare.com/ajax/libs/feather-icons/4.24.1/feather.min.js]
[themes.startbootstrap.com/sb-ui-kit-pro/assets/img/screenshots/landing-multipurpose.jpg]
[themes.startbootstrap.com/sb-ui-kit-pro/assets/img/screenshots/landing-app-mobile.jpg]
[themes.startbootstrap.com/sb-ui-kit-pro/assets/img/screenshots/landing-app-desktop.jpg]
[themes.startbootstrap.com/sb-ui-kit-pro/assets/img/screenshots/landing-agency.jpg]
[themes.startbootstrap.com/sb-ui-kit-pro/assets/img/screenshots/landing-lead-capture.jpg]
[themes.startbootstrap.com/sb-ui-kit-pro/assets/img/screenshots/landing-press.jpg]
[themes.startbootstrap.com/sb-ui-kit-pro/assets/img/screenshots/landing-directory.jpg]
[themes.startbootstrap.com/sb-ui-kit-pro/assets/img/screenshots/landing-rental.jpg]
[themes.startbootstrap.com/sb-ui-kit-pro/assets/img/screenshots/landing-real-estate.jpg]
[themes.startbootstrap.com/sb-ui-kit-pro/assets/img/screenshots/landing-classifieds.jpg]
[themes.startbootstrap.com/sb-ui-kit-pro/assets/img/screenshots/landing-resume.jpg]
[themes.startbootstrap.com/sb-ui-kit-pro/assets/img/screenshots/landing-portfolio.jpg]
[themes.startbootstrap.com/sb-ui-kit-pro/assets/img/screenshots/header-basic.jpg]
[themes.startbootstrap.com/sb-ui-kit-pro/assets/img/screenshots/header-basic-signup.jpg]
[themes.startbootstrap.com/sb-ui-kit-pro/assets/img/screenshots/header-graphic.jpg]
[themes.startbootstrap.com/sb-ui-kit-pro/assets/img/screenshots/header-graphic-signup.jpg]
[themes.startbootstrap.com/sb-ui-kit-pro/assets/img/screenshots/header-inner-page.jpg]
[themes.startbootstrap.com/sb-ui-kit-pro/assets/img/screenshots/header-nav-only.jpg]
[code.jquery.com/jquery-3.4.1.min.js]
[stackpath.bootstrapcdn.com/bootstrap/4.3.1/js/bootstrap.bundle.min.js]
[themes.startbootstrap.com/sb-ui-kit-pro/js/scripts.js]
[unpkg.com/aos@3.0.0-beta.6/dist/aos.js]
[themes.startbootstrap.com/sb-ui-kit-pro/js/sb-customizer.js]
[themes.startbootstrap.com/sb-ui-kit-pro/index.html]
[themes.startbootstrap.com/sb-ui-kit-pro/assets/fonts/metropolis/Metropolis-Thin.otf]
[themes.startbootstrap.com/sb-ui-kit-pro/assets/fonts/metropolis/Metropolis-ThinItalic.otf]
[themes.startbootstrap.com/sb-ui-kit-pro/assets/fonts/metropolis/Metropolis-ExtraLight.otf]
[themes.startbootstrap.com/sb-ui-kit-pro/assets/fonts/metropolis/Metropolis-ExtraLightItalic.otf]
[themes.startbootstrap.com/sb-ui-kit-pro/assets/fonts/metropolis/Metropolis-Light.otf]
[themes.startbootstrap.com/sb-ui-kit-pro/assets/fonts/metropolis/Metropolis-LightItalic.otf]
[themes.startbootstrap.com/sb-ui-kit-pro/assets/fonts/metropolis/Metropolis-Regular.otf]
[themes.startbootstrap.com/sb-ui-kit-pro/assets/fonts/metropolis/Metropolis-RegularItalic.otf]
[themes.startbootstrap.com/sb-ui-kit-pro/assets/fonts/metropolis/Metropolis-Medium.otf]
[themes.startbootstrap.com/sb-ui-kit-pro/assets/fonts/metropolis/Metropolis-MediumItalic.otf]
[themes.startbootstrap.com/sb-ui-kit-pro/assets/fonts/metropolis/Metropolis-SemiBold.otf]
[themes.startbootstrap.com/sb-ui-kit-pro/assets/fonts/metropolis/Metropolis-SemiBoldItalic.otf]
[themes.startbootstrap.com/sb-ui-kit-pro/assets/fonts/metropolis/Metropolis-Bold.otf]
[themes.startbootstrap.com/sb-ui-kit-pro/assets/fonts/metropolis/Metropolis-BoldItalic.otf]
[themes.startbootstrap.com/sb-ui-kit-pro/assets/fonts/metropolis/Metropolis-ExtraBold.otf]
[themes.startbootstrap.com/sb-ui-kit-pro/assets/fonts/metropolis/Metropolis-ExtraBoldItalic.otf]
[themes.startbootstrap.com/sb-ui-kit-pro/assets/fonts/metropolis/Metropolis-Black.otf]
[themes.startbootstrap.com/sb-ui-kit-pro/assets/fonts/metropolis/Metropolis-BlackItalic.otf]
[themes.startbootstrap.com/sb-ui-kit-pro/assets/img/device-mockups/iPhoneX/portrait.png]
[themes.startbootstrap.com/sb-ui-kit-pro/assets/img/device-mockups/iPhoneX/landscape.png]
[themes.startbootstrap.com/sb-ui-kit-pro/assets/img/device-mockups/iPhoneX/portrait_black.png]
[themes.startbootstrap.com/sb-ui-kit-pro/assets/img/device-mockups/iPhoneX/landscape_black.png]
[themes.startbootstrap.com/sb-ui-kit-pro/css/styles.css]
[unpkg.com/aos@3.0.0-beta.6/dist/aos.css]
[themes.startbootstrap.com/sb-ui-kit-pro/index-2.html]
[themes.startbootstrap.com/sb-ui-kit-pro/landing-app-mobile.html]
[themes.startbootstrap.com/sb-ui-kit-pro/assets/img/app-desktop-demo-screenshot.jpg]
[themes.startbootstrap.com/sb-ui-kit-pro/landing-app-desktop.html]
[themes.startbootstrap.com/sb-ui-kit-pro/landing-multipurpose.html]
[cdnjs.cloudflare.com/ajax/libs/lity/2.4.0/lity.min.css]
[themes.startbootstrap.com/sb-ui-kit-pro/assets/video/video.mp4]
[themes.startbootstrap.com/sb-ui-kit-pro/landing-agency.html]
[themes.startbootstrap.com/sb-ui-kit-pro/landing-press.html]
[themes.startbootstrap.com/sb-ui-kit-pro/landing-directory.html]
[themes.startbootstrap.com/sb-ui-kit-pro/landing-rental.html]
[themes.startbootstrap.com/sb-ui-kit-pro/landing-real-estate.html]
[cdnjs.cloudflare.com/ajax/libs/lity/2.4.0/lity.min.js]
[themes.startbootstrap.com/sb-ui-kit-pro/assets/img/pattern-shapes.png]
[themes.startbootstrap.com/sb-ui-kit-pro/landing-classifieds.html]
[themes.startbootstrap.com/sb-ui-kit-pro/landing-lead-capture.html]
[themes.startbootstrap.com/sb-ui-kit-pro/landing-resume.html]
[themes.startbootstrap.com/sb-ui-kit-pro/landing-portfolio.html]
[themes.startbootstrap.com/sb-ui-kit-pro/header-basic.html]
[themes.startbootstrap.com/sb-ui-kit-pro/header-basic-signup.html]
[themes.startbootstrap.com/sb-ui-kit-pro/header-graphic.html]
[themes.startbootstrap.com/sb-ui-kit-pro/header-graphic-signup.html]
[themes.startbootstrap.com/sb-ui-kit-pro/header-inner-page.html]
[themes.startbootstrap.com/sb-ui-kit-pro/header-nav-only.html]
[themes.startbootstrap.com/sb-ui-kit-pro/page-basic.html]
[themes.startbootstrap.com/sb-ui-kit-pro/page-company-about.html]
[themes.startbootstrap.com/sb-ui-kit-pro/page-company-pricing.html]
[themes.startbootstrap.com/sb-ui-kit-pro/page-company-contact.html]
[themes.startbootstrap.com/sb-ui-kit-pro/page-company-terms.html]
[themes.startbootstrap.com/sb-ui-kit-pro/page-help-center.html]
[themes.startbootstrap.com/sb-ui-kit-pro/page-help-knowledgebase.html]
[themes.startbootstrap.com/sb-ui-kit-pro/page-help-message-center.html]
[themes.startbootstrap.com/sb-ui-kit-pro/page-help-support-ticket.html]
[themes.startbootstrap.com/sb-ui-kit-pro/page-careers-overview.html]
[themes.startbootstrap.com/sb-ui-kit-pro/page-careers-listing.html]
[themes.startbootstrap.com/sb-ui-kit-pro/page-blog-overview.html]
[themes.startbootstrap.com/sb-ui-kit-pro/page-blog-post.html]
[themes.startbootstrap.com/sb-ui-kit-pro/page-blog-archive.html]
[themes.startbootstrap.com/sb-ui-kit-pro/page-portfolio-grid.html]
[themes.startbootstrap.com/sb-ui-kit-pro/page-portfolio-large-grid.html]
[themes.startbootstrap.com/sb-ui-kit-pro/page-portfolio-masonry.html]
[themes.startbootstrap.com/sb-ui-kit-pro/page-portfolio-case-study.html]
[themes.startbootstrap.com/sb-ui-kit-pro/page-portfolio-project.html]
[themes.startbootstrap.com/sb-ui-kit-pro/assets/img/drawkit/color/drawkit-content-man-color.svg]
[themes.startbootstrap.com/sb-ui-kit-pro/assets/img/app-store-badge.svg]
[themes.startbootstrap.com/sb-ui-kit-pro/assets/img/google-play-badge.svg]
[cdnjs.cloudflare.com/ajax/libs/lity/2.4.0/lity.min.css]
[themes.startbootstrap.com/sb-ui-kit-pro/assets/img/avataaars.svg]
[themes.startbootstrap.com/sb-ui-kit-pro/assets/img/drawkit/color/drawkit-user-mobile-color.svg]
